Hello: 10 20 30 40
Hello: 10 20 30 40
Hello: 10 20 30 40 50 60 70 80 90 100
Hello: 1.000000e+01 2.000000e+01 3.000000e+01 4.000000e+01 5.000000e+01 6.000000e+01 7.000000e+01 8.000000e+01 9.000000e+01 1.000000e+02
