hello world!
success!
hello world!
success!
hello world!
success!
